{
  "message": "ok",
  "data": [
    {
      "id": 1,
      "title": "project1",
      "description": "project1 description",
      "role": "admin"
    },
    {
      "id": 2,
      "title": "project2",
      "description": "project2 description",
      "role":"write"
    }
  ]
}